// Jest Snapshot v1, https://goo.gl/fbAQLP

exports[`<LoadingOverlay /> renders correctly when not visible 1`] = `""`;

exports[`<LoadingOverlay /> renders correctly when visible 1`] = `
<div
  className="LoadingOverlay"
>
  <LoadingSpinner />
</div>
`;
