// Jest Snapshot v1, https://goo.gl/fbAQLP

exports[`<HeaderButton /> renders correctly 1`] = `
<button
  className="HeaderButton"
  id="btn-id"
  onClick={[Function]}
>
  X
</button>
`;
