// Jest Snapshot v1, https://goo.gl/fbAQLP

exports[`<ScreenOverlay /> renders correctly 1`] = `
<div
  className="ScreenOverlay"
  onClick={[Function]}
  style={
    Object {
      "zIndex": 12,
    }
  }
/>
`;
