// Jest Snapshot v1, https://goo.gl/fbAQLP

exports[`<SearchBarInput /> renders correctly 1`] = `
<input
  className="SearchBarInput"
  onBlur={[Function]}
  onChange={[Function]}
  onFocus={[Function]}
  onKeyDown={[Function]}
  placeholder="Search..."
  type="text"
/>
`;
