// Jest Snapshot v1, https://goo.gl/fbAQLP

exports[`<EmailListItemOptionsButton /> renders correctly 1`] = `
<button
  className="EmailListItemOptionsButton EmailListItemOptionsButton__delete"
  onClick={[Function]}
>
  X
</button>
`;
