// Jest Snapshot v1, https://goo.gl/fbAQLP

exports[`<App /> renders correctly 1`] = `
<div
  className="App"
>
  <Connect(Header) />
  <div
    className="App__content"
  >
    <Connect(Drawer) />
    <Connect(EmailList) />
  </div>
</div>
`;
