// Jest Snapshot v1, https://goo.gl/fbAQLP

exports[`<SearchBarButton /> renders correctly 1`] = `
<button
  className="SearchBarButton"
  onClick={[Function]}
  onMouseDown={[Function]}
  title="Search"
>
  X
</button>
`;
